[frame.archive.josias.me/de/post/lightroom/index.html]
[frame.archive.josias.me/en/home/index.html]
[frame.archive.josias.me/de/team/index.html]
[frame.archive.josias.me/de/home/index.html]
[backblue.gif]
[fade.gif]
[index.html]
[frame.archive.josias.me/en/team/index.html]
[frame.archive.josias.me/de/kontakt/index.html]
[frame.archive.josias.me/typo3conf/ext/frame_package/Resources/Public/Css/main7418.css]
[frame.archive.josias.me/en/contact/index.html]
[frame.archive.josias.me/de/post/trends-20180/index.html]
[frame.archive.josias.me/de/post/nvidias-neue-rtx-serie/index.html]
[frame.archive.josias.me/de/post/breking-news/index.html]
[frame.archive.josias.me/de/post/farbverlaeufe/index.html]
[frame.archive.josias.me/de/post/overwatch-e-sport/index.html]
[frame.archive.josias.me/de/post/fussball-vokabular/index.html]
[ajax.googleapis.com/ajax/libs/jquery/3.3.1/jquery.min.js]
[frame.archive.josias.me/de/post/doping-im-sport/index.html]
[frame.archive.josias.me/de/post/gedichte/index.html]
[frame.archive.josias.me/de/post/inspiration/index.html]
[frame.archive.josias.me/de/post/gamescom/index.html]
[frame.archive.josias.me/de/post/bitcoin/index.html]
[frame.archive.josias.me/de/post/grafikkarten/index.html]
[frame.archive.josias.me/de/post/netflix-serien/index.html]
[frame.archive.josias.me/de/post/steve-mccurry/index.html]
[frame.archive.josias.me/de/post/dark-web/index.html]
[frame.archive.josias.me/de/post/skeleton/index.html]
[frame.archive.josias.me/en/post/nvidias-new-rtx-series/index.html]
[frame.archive.josias.me/de/post/frame-logoentstehung/index.html]
[frame.archive.josias.me/de/post/sass/index.html]
[frame.archive.josias.me/en/post/steve-mccurry/index.html]
[frame.archive.josias.me/typo3conf/ext/frame_package/Resources/Public/Favicons/safari-pinned-tab.svg]
[frame.archive.josias.me/typo3conf/ext/frame_package/Resources/Public/Images/Logo/logo-black.svg]
[frame.archive.josias.me/fileadmin/News/doc_lcozzio_Gamescom.gif]
[frame.archive.josias.me/typo3conf/ext/frame_package/Resources/Public/Images/Author/author.svg]
[frame.archive.josias.me/fileadmin/News/Breaking-news-long.gif]
[frame.archive.josias.me/fileadmin/News/gradient_fflury.gif]
[frame.archive.josias.me/de/home/politik/index.html]
[frame.archive.josias.me/de/home/social/index.html]
[frame.archive.josias.me/fileadmin/News/frame-gedichte-01.jpg]
[frame.archive.josias.me/fileadmin/News/doc_lcozzio_Inspiration.gif]
[frame.archive.josias.me/typo3conf/ext/frame_package/Resources/Public/Images/Social/facebook.svg]
[frame.archive.josias.me/typo3conf/ext/frame_package/Resources/Public/Images/Social/snapchat.svg]
[frame.archive.josias.me/fileadmin/News/frame-steve_mccurry-01.jpg]
[frame.archive.josias.me/de/home/inspiration/index.html]
[frame.archive.josias.me/de/home/gaming/index.html]
[frame.archive.josias.me/de/home/foto/index.html]
[frame.archive.josias.me/typo3conf/ext/frame_package/Resources/Public/Images/Social/instagram.svg]
[frame.archive.josias.me/fileadmin/News/rtx.jpg]
[frame.archive.josias.me/de/home/audio/index.html]
[frame.archive.josias.me/de/home/hardware/index.html]
[frame.archive.josias.me/de/home/technologie/index.html]
[frame.archive.josias.me/typo3conf/ext/frame_package/Resources/Public/Images/Social/contact.svg]
[frame.archive.josias.me/fileadmin/News/design_trends_2018.jpg]
[frame.archive.josias.me/fileadmin/News/insta_zigor_profileimage.jpg]
[frame.archive.josias.me/fileadmin/News/frame-overwatch_e-sport-01.jpg]
[frame.archive.josias.me/de/home/design/index.html]
[frame.archive.josias.me/typo3conf/ext/frame_package/Resources/Public/Images/Social/twitter.svg]
[frame.archive.josias.me/fileadmin/News/frame-fussball_vokabular-01.jpg]
[frame.archive.josias.me/fileadmin/News/frame-doping_im_sport-01.jpg]
[frame.archive.josias.me/fileadmin/News/frame-bitcoin-01.jpg]
[frame.archive.josias.me/de/home/sport/index.html]
[frame.archive.josias.me/typo3conf/ext/frame_package/Resources/Public/JavaScript/Dist/main7418.js]
[frame.archive.josias.me/de/home/index.html]
[frame.archive.josias.me/de/home/software/index.html]
[frame.archive.josias.me/de/home/film/index.html]
[frame.archive.josias.me/de/home/web/index.html]
[frame.archive.josias.me/fileadmin/News/gpu.jpg]
[frame.archive.josias.me/fileadmin/News/frame-lightroom-01.jpg]
[frame.archive.josias.me/fileadmin/News/frame-netflix_serien-13_resons_why.jpg]
[frame.archive.josias.me/fileadmin/News/frame-dark_web.jpg]
[frame.archive.josias.me/typo3conf/ext/frame_package/Resources/Public/Images/Social/google.svg]
[frame.archive.josias.me/de/post/lightroom/index.html]
[frame.archive.josias.me/de/home/coding/index.html]
[frame.archive.josias.me/de/home/frame/index.html]
[frame.archive.josias.me/en/home/indexbb5d.html]
[frame.archive.josias.me/en/home/index.html]
[frame.archive.josias.me/fileadmin/News/sarah-dorweiler-127187-unsplash.jpg]
[frame.archive.josias.me/en/home/foto/index.html]
[frame.archive.josias.me/de/home/indexbb5d.html]
[frame.archive.josias.me/en/home/inspiration/index.html]
[frame.archive.josias.me/fileadmin/News/sass.jpg]
[frame.archive.josias.me/en/home/hardware/index.html]
[frame.archive.josias.me/en/home/gaming/index.html]
[frame.archive.josias.me/en/home/technologie/index.html]
[frame.archive.josias.me/en/home/social/index.html]
[frame.archive.josias.me/typo3conf/ext/frame_package/Resources/Public/Images/Team/anna.gif]
[frame.archive.josias.me/typo3conf/ext/frame_package/Resources/Public/Images/Team/benjamin.gif]
[frame.archive.josias.me/typo3conf/ext/frame_package/Resources/Public/Images/Team/dylan.gif]
[frame.archive.josias.me/typo3conf/ext/frame_package/Resources/Public/Images/Team/gino.gif]
[frame.archive.josias.me/typo3conf/ext/frame_package/Resources/Public/Images/Team/janice.gif]
[frame.archive.josias.me/typo3conf/ext/frame_package/Resources/Public/Images/Team/josias.gif]
[frame.archive.josias.me/typo3conf/ext/frame_package/Resources/Public/Images/Team/livio.gif]
[frame.archive.josias.me/typo3conf/ext/frame_package/Resources/Public/Images/Team/lukas.gif]
[frame.archive.josias.me/typo3conf/ext/frame_package/Resources/Public/Images/Team/moritz.gif]
[frame.archive.josias.me/typo3conf/ext/frame_package/Resources/Public/Images/Team/robin.gif]
[frame.archive.josias.me/typo3conf/ext/frame_package/Resources/Public/Images/Team/roman.gif]
[frame.archive.josias.me/typo3conf/ext/frame_package/Resources/Public/Images/Team/silas.gif]
[frame.archive.josias.me/typo3conf/ext/frame_package/Resources/Public/Images/Team/sven.gif]
[frame.archive.josias.me/de/team/index.html]
[frame.archive.josias.me/typo3conf/ext/frame_package/Resources/Public/Images/Team/tiana.gif]
[frame.archive.josias.me/en/home/audio/index.html]
[frame.archive.josias.me/en/home/design/index.html]
[frame.archive.josias.me/en/team/index.html]
[frame.archive.josias.me/typo3conf/ext/frame_package/Resources/Public/Images/Team/anna.jpg]
[frame.archive.josias.me/typo3conf/ext/frame_package/Resources/Public/Images/Team/dylan.jpg]
[frame.archive.josias.me/typo3conf/ext/frame_package/Resources/Public/Images/Team/benjamin.jpg]
[frame.archive.josias.me/typo3conf/ext/frame_package/Resources/Public/Images/Team/gino.jpg]
[frame.archive.josias.me/de/kontakt/index.html]
[frame.archive.josias.me/typo3conf/ext/frame_package/Resources/Public/Images/Team/janice.jpg]
[frame.archive.josias.me/typo3conf/ext/frame_package/Resources/Public/Images/Team/josias.jpg]
[frame.archive.josias.me/typo3conf/ext/frame_package/Resources/Public/Images/Team/livio.jpg]
[frame.archive.josias.me/typo3conf/ext/frame_package/Resources/Public/Images/Team/lukas.jpg]
[frame.archive.josias.me/en/contact/index.html]
[frame.archive.josias.me/typo3conf/ext/frame_package/Resources/Public/Images/Team/moritz.jpg]
[frame.archive.josias.me/typo3conf/ext/frame_package/Resources/Public/Images/Team/roman.jpg]
[frame.archive.josias.me/typo3conf/ext/frame_package/Resources/Public/Images/Team/robin.jpg]
[frame.archive.josias.me/typo3conf/ext/frame_package/Resources/Public/Images/Team/silas.jpg]
[frame.archive.josias.me/typo3conf/ext/frame_package/Resources/Public/Images/Team/sven.jpg]
[frame.archive.josias.me/typo3conf/ext/frame_package/Resources/Public/Images/Team/tiana.jpg]
[frame.archive.josias.me/typo3conf/ext/frame_package/Resources/Public/Images/webdummy.svg]
[frame.archive.josias.me/de/post/nvidias-neue-rtx-serie/index.html]
[frame.archive.josias.me/de/post/breking-news/index.html]
[frame.archive.josias.me/de/post/trends-20180/index.html]
[frame.archive.josias.me/de/post/farbverlaeufe/index.html]
[frame.archive.josias.me/de/post/overwatch-e-sport/index.html]
[frame.archive.josias.me/de/post/fussball-vokabular/index.html]
[frame.archive.josias.me/de/post/doping-im-sport/index.html]
[frame.archive.josias.me/fileadmin/News/frame-breaking_news-dschungel.jpg]
[frame.archive.josias.me/fileadmin/News/frame-breaking_news-trump.jpg]
[frame.archive.josias.me/fileadmin/News/frame-breaking_news-cube.jpg]
[frame.archive.josias.me/de/post/gedichte/index.html]
[frame.archive.josias.me/de/post/inspiration/index.html]
[frame.archive.josias.me/de/post/gamescom/index.html]
[frame.archive.josias.me/de/post/bitcoin/index.html]
[frame.archive.josias.me/de/post/grafikkarten/index.html]
[frame.archive.josias.me/de/post/netflix-serien/index.html]
[frame.archive.josias.me/de/post/steve-mccurry/index.html]
[frame.archive.josias.me/fileadmin/News/frame-steve_mccurry-02.jpg]
[frame.archive.josias.me/de/post/dark-web/index.html]
[frame.archive.josias.me/de/post/skeleton/index.html]
[frame.archive.josias.me/de/post/sass/index.html]
[frame.archive.josias.me/de/post/frame-logoentstehung/index.html]
[frame.archive.josias.me/en/post/nvidias-new-rtx-series/index.html]
[frame.archive.josias.me/en/post/steve-mccurry/index.html]
[frame.archive.josias.me/typo3conf/ext/frame_package/Resources/Public/Css/main7418.css]
[fonts.googleapis.com/cssd644.css]
[fonts.googleapis.com/css5641.css]
[frame.archive.josias.me/typo3conf/ext/frame_package/Resources/Public/Favicons/safari-pinned-tab.svg]
[frame.archive.josias.me/de/home/frame-magazine.html]
[frame.archive.josias.me/typo3conf/ext/frame_package/Resources/Public/Images/Logo/logo-black.svg]
[frame.archive.josias.me/de/home/politik/index.html]
[frame.archive.josias.me/en/home/politik/index.html]
[frame.archive.josias.me/de/home/social/index.html]
[frame.archive.josias.me/de/home/gaming/index.html]
[frame.archive.josias.me/de/home/foto/index.html]
[frame.archive.josias.me/de/home/inspiration/index.html]
[frame.archive.josias.me/de/home/hardware/index.html]
[frame.archive.josias.me/de/home/technologie/index.html]
[frame.archive.josias.me/de/home/audio/index.html]
[frame.archive.josias.me/typo3conf/ext/frame_package/Resources/Public/Images/Author/author.svg]
[frame.archive.josias.me/de/home/design/index.html]
[frame.archive.josias.me/de/home/sport/index.html]
[frame.archive.josias.me/en/home/sport/index.html]
[frame.archive.josias.me/de/home/software/index.html]
[frame.archive.josias.me/en/home/software/index.html]
[frame.archive.josias.me/de/home/film/index.html]
[frame.archive.josias.me/en/home/film/index.html]
[frame.archive.josias.me/de/home/web/index.html]
[frame.archive.josias.me/en/home/web/index.html]
[frame.archive.josias.me/de/home/coding/index.html]
[frame.archive.josias.me/en/home/coding/index.html]
[frame.archive.josias.me/de/home/frame/index.html]
[frame.archive.josias.me/en/home/indexbb5d.html]
[frame.archive.josias.me/de/home/indexbb5d.html]
[frame.archive.josias.me/typo3conf/ext/frame_package/Resources/Public/Images/Social/facebook.svg]
[frame.archive.josias.me/typo3conf/ext/frame_package/Resources/Public/Images/Social/snapchat.svg]
[frame.archive.josias.me/typo3conf/ext/frame_package/Resources/Public/Images/Social/instagram.svg]
[frame.archive.josias.me/typo3conf/ext/frame_package/Resources/Public/Images/Social/contact.svg]
[frame.archive.josias.me/typo3conf/ext/frame_package/Resources/Public/Images/Social/twitter.svg]
[frame.archive.josias.me/de/post/lightroom/frame-magazine.html]
[frame.archive.josias.me/typo3conf/ext/frame_package/Resources/Public/Images/Social/google.svg]
[frame.archive.josias.me/en/home/frame-magazine.html]
[frame.archive.josias.me/en/home/frame/index.html]
[frame.archive.josias.me/en/home/foto/index.html]
[frame.archive.josias.me/en/home/inspiration/index.html]
[frame.archive.josias.me/en/home/gaming/index.html]
[frame.archive.josias.me/en/home/hardware/index.html]
[frame.archive.josias.me/en/home/technologie/index.html]
[frame.archive.josias.me/en/home/social/index.html]
[frame.archive.josias.me/en/home/audio/index.html]
[frame.archive.josias.me/en/home/design/index.html]
[frame.archive.josias.me/de/team/frame-magazine.html]
[frame.archive.josias.me/en/team/frame-magazine.html]
[frame.archive.josias.me/de/kontakt/frame-magazine.html]
[frame.archive.josias.me/en/contact/frame-magazine.html]
[frame.archive.josias.me/de/post/nvidias-neue-rtx-serie/frame-magazine.html]
[frame.archive.josias.me/typo3conf/ext/frame_package/Resources/Public/Images/webdummy.svg]
[frame.archive.josias.me/de/post/breking-news/frame-magazine.html]
[frame.archive.josias.me/de/post/trends-20180/frame-magazine.html]
[frame.archive.josias.me/de/post/farbverlaeufe/frame-magazine.html]
[frame.archive.josias.me/de/post/overwatch-e-sport/frame-magazine.html]
[frame.archive.josias.me/de/post/fussball-vokabular/frame-magazine.html]
[frame.archive.josias.me/de/post/doping-im-sport/frame-magazine.html]
[frame.archive.josias.me/de/post/gedichte/frame-magazine.html]
[frame.archive.josias.me/de/post/inspiration/frame-magazine.html]
[frame.archive.josias.me/de/post/gamescom/frame-magazine.html]
[frame.archive.josias.me/de/post/bitcoin/frame-magazine.html]
[frame.archive.josias.me/de/post/grafikkarten/frame-magazine.html]
[frame.archive.josias.me/de/post/netflix-serien/frame-magazine.html]
[frame.archive.josias.me/de/post/steve-mccurry/frame-magazine.html]
[frame.archive.josias.me/de/post/dark-web/frame-magazine.html]
[frame.archive.josias.me/de/post/skeleton/frame-magazine.html]
[frame.archive.josias.me/de/post/sass/frame-magazine.html]
[frame.archive.josias.me/de/post/frame-logoentstehung/frame-magazine.html]
[frame.archive.josias.me/en/post/nvidias-new-rtx-series/frame-magazine.html]
[frame.archive.josias.me/en/post/steve-mccurry/frame-magazine.html]
[frame.archive.josias.me/de/home/politik/frame-magazine.html]
[frame.archive.josias.me/en/home/politik/index.html]
[frame.archive.josias.me/de/home/social/frame-magazine.html]
[frame.archive.josias.me/de/home/gaming/frame-magazine.html]
[frame.archive.josias.me/de/home/foto/frame-magazine.html]
[frame.archive.josias.me/de/home/inspiration/frame-magazine.html]
[frame.archive.josias.me/de/home/hardware/frame-magazine.html]
[frame.archive.josias.me/de/home/technologie/frame-magazine.html]
[frame.archive.josias.me/de/home/audio/frame-magazine.html]
[frame.archive.josias.me/de/home/design/frame-magazine.html]
[frame.archive.josias.me/de/home/sport/frame-magazine.html]
[frame.archive.josias.me/en/home/sport/index.html]
[frame.archive.josias.me/de/home/software/frame-magazine.html]
[frame.archive.josias.me/en/home/software/index.html]
[frame.archive.josias.me/de/home/film/frame-magazine.html]
[frame.archive.josias.me/en/home/film/index.html]
[frame.archive.josias.me/de/home/web/frame-magazine.html]
[frame.archive.josias.me/en/home/web/index.html]
[frame.archive.josias.me/de/home/coding/frame-magazine.html]
[frame.archive.josias.me/en/home/coding/index.html]
[frame.archive.josias.me/de/home/frame/frame-magazine.html]
[frame.archive.josias.me/en/home/frame/index.html]
[frame.archive.josias.me/en/home/foto/frame-magazine.html]
[frame.archive.josias.me/en/home/inspiration/frame-magazine.html]
[frame.archive.josias.me/en/home/gaming/frame-magazine.html]
[frame.archive.josias.me/en/home/hardware/frame-magazine.html]
[frame.archive.josias.me/en/home/technologie/frame-magazine.html]
[frame.archive.josias.me/en/home/social/frame-magazine.html]
[frame.archive.josias.me/en/home/audio/frame-magazine.html]
[frame.archive.josias.me/en/home/design/frame-magazine.html]
[frame.archive.josias.me/en/home/politik/frame-magazine.html]
[frame.archive.josias.me/en/home/sport/frame-magazine.html]
[frame.archive.josias.me/en/home/software/frame-magazine.html]
[frame.archive.josias.me/en/home/film/frame-magazine.html]
[frame.archive.josias.me/en/home/web/frame-magazine.html]
[frame.archive.josias.me/en/home/coding/frame-magazine.html]
[frame.archive.josias.me/en/home/frame/frame-magazine.html]
